46.101.226.47 - - [14/Apr/2025:09:45:13 -0300] "GET / HTTP/2.0" 403 7955 "-" "Mozilla/5.0 (compatible)" matheusarruda1744386454244.2390391.meusitehostgator.com.br 108.179.253.239
46.101.226.47 - - [14/Apr/2025:09:45:14 -0300] "GET /cgi-sys/images/favicon.png HTTP/2.0" 404 836 "https://matheusarruda1744386454244.2390391.meusitehostgator.com.br/" "Mozilla/5.0 (compatible)" matheusarruda1744386454244.2390391.meusitehostgator.com.br 108.179.253.239
52.203.199.137 - - [14/Apr/2025:10:46:54 -0300] "GET / HTTP/2.0" 200 1585 "-" "Mozilla/5.0 (iPhone; CPU iPhone OS 11_0 like Mac OS X) AppleWebKit/604.1.38 (KHTML, like Gecko) Version/11.0 Mobile/15A372 Safari/604.1" anomfeedback.online 108.179.253.239
52.203.199.137 - - [14/Apr/2025:10:46:54 -0300] "GET /styles/index.css HTTP/2.0" 200 154 "https://anomfeedback.online/" "Mozilla/5.0 (iPhone; CPU iPhone OS 11_0 like Mac OS X) AppleWebKit/604.1.38 (KHTML, like Gecko) Version/11.0 Mobile/15A372 Safari/604.1" anomfeedback.online 108.179.253.239
52.203.199.137 - - [14/Apr/2025:10:46:54 -0300] "GET /script/index.js HTTP/2.0" 200 142 "https://anomfeedback.online/" "Mozilla/5.0 (iPhone; CPU iPhone OS 11_0 like Mac OS X) AppleWebKit/604.1.38 (KHTML, like Gecko) Version/11.0 Mobile/15A372 Safari/604.1" anomfeedback.online 108.179.253.239
51.81.245.138 - - [14/Apr/2025:10:48:10 -0300] "GET / HTTP/1.1" 200 1585 "-" "Mozilla/5.0 (Windows NT 10.0; Win64; x64) AppleWebKit/537.36 (KHTML, like Gecko) Chrome/108.0.0.0 Safari/537.36" anomfeedback.online 108.179.253.239
51.81.245.138 - - [14/Apr/2025:10:48:10 -0300] "GET /favicon.ico HTTP/1.1" 406 226 "-" "python-requests/2.25.1" anomfeedback.online 108.179.253.239
2a06:98c0:3600::103 - - [14/Apr/2025:10:48:51 -0300] "GET /wordpress/wp-admin/setup-config.php HTTP/2.0" 404 836 "-" "Mozilla/5.0 (Windows NT 10.0; Win64; x64) AppleWebKit/537.36 (KHTML, like Gecko) Chrome/135.0.0.0 Safari/537.36" anomfeedback.online 108.179.253.239
209.190.14.231 - - [14/Apr/2025:10:49:21 -0300] "GET / HTTP/2.0" 200 1585 "https://anomfeedback.online" "Mozilla/5.0 (Windows NT 10.0; Win64; x64) AppleWebKit/537.36 (KHTML, like Gecko) Chrome/118.0.0.0 Safari/537.36" anomfeedback.online 108.179.253.239
195.211.77.140 - - [14/Apr/2025:10:49:26 -0300] "HEAD / HTTP/1.1" 200 - "-" "Mozilla/5.0 (Windows NT 10.0; Win64; x64) AppleWebKit/537.36 (KHTML, like Gecko) Chrome/108.0.0.0 Safari/537.36" anomfeedback.online 108.179.253.239
195.211.77.142 - - [14/Apr/2025:10:50:09 -0300] "GET / HTTP/1.1" 200 1585 "-" "Mozilla/5.0 (Windows NT 10.0; Win64; x64) AppleWebKit/537.36 (KHTML, like Gecko) Chrome/108.0.0.0 Safari/537.36" anomfeedback.online 108.179.253.239
200.229.244.92 - - [14/Apr/2025:10:50:33 -0300] "GET / HTTP/1.1" 200 1585 "-" "WhatsApp/2.23.20.0" anomfeedback.online 108.179.253.239
62.113.113.43 - - [14/Apr/2025:10:51:13 -0300] "GET / HTTP/1.1" 200 1585 "-" "Mozilla/5.0(WindowsNT10.0;Win64;x64)AppleWebKit/537.36(KHTML,likeGecko)Chrome/53.0.2785.143Safari/537.36" anomfeedback.online 108.179.253.239
2a06:98c0:3600::103 - - [14/Apr/2025:10:51:29 -0300] "GET /wp-admin/setup-config.php HTTP/2.0" 404 836 "-" "Mozilla/5.0 (Windows NT 10.0; Win64; x64) AppleWebKit/537.36 (KHTML, like Gecko) Chrome/135.0.0.0 Safari/537.36" anomfeedback.online 108.179.253.239
154.28.229.73 - - [14/Apr/2025:10:59:41 -0300] "GET / HTTP/1.1" 200 1585 "-" "Mozilla/5.0 (X11; Linux x86_64) AppleWebKit/537.36 (KHTML, like Gecko) Chrome/117.0.0.0 Safari/537.36" anomfeedback.online 108.179.253.239
154.28.229.73 - - [14/Apr/2025:10:59:55 -0300] "GET / HTTP/1.1" 200 1585 "-" "Mozilla/5.0 (X11; Linux x86_64) AppleWebKit/537.36 (KHTML, like Gecko) Chrome/117.0.0.0 Safari/537.36" anomfeedback.online 108.179.253.239
154.28.229.73 - - [14/Apr/2025:10:59:55 -0300] "GET /script/index.js HTTP/1.1" 200 142 "-" "Mozilla/5.0 (X11; Linux x86_64) AppleWebKit/537.36 (KHTML, like Gecko) Chrome/117.0.0.0 Safari/537.36" anomfeedback.online 108.179.253.239
138.201.103.156 - - [14/Apr/2025:11:00:01 -0300] "GET / HTTP/1.1" 200 3567 "https://www.google.com/" "Mozilla/5.0 (Windows NT 10.0; Win64; x64) AppleWebKit/537.36 (KHTML, like Gecko) Chrome/60.0.3112.113 Safari/537.36" anomfeedback.online 108.179.253.239
34.248.137.227 - - [14/Apr/2025:11:03:02 -0300] "GET / HTTP/1.1" 200 1585 "-" "Mozilla/5.0 (X11; Linux x86_64; rv:83.0) Gecko/20100101 Firefox/83.0" anomfeedback.online 108.179.253.239
34.248.137.227 - - [14/Apr/2025:11:03:02 -0300] "GET / HTTP/2.0" 200 1585 "-" "Mozilla/5.0 (X11; Linux x86_64) AppleWebKit/537.36 (KHTML, like Gecko) Chrome/132.0.0.0 Safari/537.36" anomfeedback.online 108.179.253.239
34.248.137.227 - - [14/Apr/2025:11:03:03 -0300] "GET /styles/index.css HTTP/2.0" 200 154 "https://anomfeedback.online/" "Mozilla/5.0 (X11; Linux x86_64) AppleWebKit/537.36 (KHTML, like Gecko) Chrome/132.0.0.0 Safari/537.36" anomfeedback.online 108.179.253.239
34.248.137.227 - - [14/Apr/2025:11:03:03 -0300] "GET /assets/logo.png HTTP/2.0" 200 34614 "https://anomfeedback.online/" "Mozilla/5.0 (X11; Linux x86_64) AppleWebKit/537.36 (KHTML, like Gecko) Chrome/132.0.0.0 Safari/537.36" anomfeedback.online 108.179.253.239
34.248.137.227 - - [14/Apr/2025:11:03:03 -0300] "GET /script/index.js HTTP/2.0" 200 142 "https://anomfeedback.online/" "Mozilla/5.0 (X11; Linux x86_64) AppleWebKit/537.36 (KHTML, like Gecko) Chrome/132.0.0.0 Safari/537.36" anomfeedback.online 108.179.253.239
34.248.137.227 - - [14/Apr/2025:11:03:03 -0300] "GET /assets/favicon.png HTTP/2.0" 200 35006 "https://anomfeedback.online/" "Mozilla/5.0 (X11; Linux x86_64) AppleWebKit/537.36 (KHTML, like Gecko) Chrome/132.0.0.0 Safari/537.36" anomfeedback.online 108.179.253.239
34.248.137.227 - - [14/Apr/2025:11:03:03 -0300] "GET / HTTP/1.1" 200 1585 "-" "Mozilla/5.0 (Macintosh; Intel Mac OS X 10_9_2) AppleWebKit/537.36 (KHTML, like Gecko) Chrome/33.0.1750.152 Safari/537.36" anomfeedback.online 108.179.253.239
34.248.137.227 - - [14/Apr/2025:11:03:04 -0300] "HEAD /favicon.ico HTTP/1.1" 404 - "-" "Mozilla/5.0 (Macintosh; Intel Mac OS X 10_9_2) AppleWebKit/537.36 (KHTML, like Gecko) Chrome/33.0.1750.152 Safari/537.36" anomfeedback.online 108.179.253.239
34.248.137.227 - - [14/Apr/2025:11:03:04 -0300] "GET /assets/favicon.png HTTP/1.1" 200 35006 "-" "Mozilla/5.0 (Windows NT 10.0; Win64; x64) AppleWebKit/537.36 (KHTML, like Gecko) Chrome/99.0.4844.84 Safari/537.36" anomfeedback.online 108.179.253.239
2a06:98c0:3600::103 - - [14/Apr/2025:11:08:25 -0300] "GET /wp-admin/setup-config.php HTTP/2.0" 404 836 "-" "Mozilla/5.0 (Windows NT 10.0; Win64; x64) AppleWebKit/537.36 (KHTML, like Gecko) Chrome/135.0.0.0 Safari/537.36" anomfeedback.online 108.179.253.239
2a06:98c0:3600::103 - - [14/Apr/2025:11:09:27 -0300] "GET /wordpress/wp-admin/setup-config.php HTTP/2.0" 404 836 "-" "Mozilla/5.0 (Windows NT 10.0; Win64; x64) AppleWebKit/537.36 (KHTML, like Gecko) Chrome/135.0.0.0 Safari/537.36" anomfeedback.online 108.179.253.239
64.15.129.121 - - [14/Apr/2025:11:13:16 -0300] "GET /assets/logo.png HTTP/2.0" 200 34614 "-" "Mozilla/5.0 (Windows NT 10.0; Win64; x64) AppleWebKit/537.36 (KHTML, like Gecko) Chrome/135.0.0.0 Safari/537.36" anomfeedback.online 108.179.253.239
157.90.34.116 - - [14/Apr/2025:11:14:32 -0300] "GET / HTTP/1.1" 200 3567 "https://www.google.com/" "Mozilla/5.0 (Windows NT 10.0; Win64; x64) AppleWebKit/537.36 (KHTML, like Gecko) Chrome/86.0.4240.183 Safari/537.36" anomfeedback.online 108.179.253.239
2a06:98c0:3600::103 - - [14/Apr/2025:11:25:24 -0300] "GET /wp-admin/setup-config.php HTTP/2.0" 404 836 "-" "Mozilla/5.0 (Windows NT 10.0; Win64; x64) AppleWebKit/537.36 (KHTML, like Gecko) Chrome/135.0.0.0 Safari/537.36" anomfeedback.online 108.179.253.239
2a06:98c0:3600::103 - - [14/Apr/2025:11:26:21 -0300] "GET /wordpress/wp-admin/setup-config.php HTTP/2.0" 404 836 "-" "Mozilla/5.0 (Windows NT 10.0; Win64; x64) AppleWebKit/537.36 (KHTML, like Gecko) Chrome/135.0.0.0 Safari/537.36" anomfeedback.online 108.179.253.239
157.90.7.190 - - [14/Apr/2025:11:31:37 -0300] "GET / HTTP/1.1" 200 3567 "https://www.google.com/" "Mozilla/5.0 (Windows NT 10.0; Win64; x64) AppleWebKit/537.36 (KHTML, like Gecko) Chrome/74.0.3729.157 Safari/537.36" anomfeedback.online 108.179.253.239
2a06:98c0:3600::103 - - [14/Apr/2025:11:44:35 -0300] "GET /wp-admin/setup-config.php HTTP/2.0" 404 836 "-" "Mozilla/5.0 (Windows NT 10.0; Win64; x64) AppleWebKit/537.36 (KHTML, like Gecko) Chrome/135.0.0.0 Safari/537.36" anomfeedback.online 108.179.253.239
2a06:98c0:3600::103 - - [14/Apr/2025:11:45:47 -0300] "GET /wordpress/wp-admin/setup-config.php HTTP/2.0" 404 836 "-" "Mozilla/5.0 (Windows NT 10.0; Win64; x64) AppleWebKit/537.36 (KHTML, like Gecko) Chrome/135.0.0.0 Safari/537.36" anomfeedback.online 108.179.253.239
146.70.185.32 - - [14/Apr/2025:11:48:48 -0300] "HEAD / HTTP/1.1" 200 - "-" "Mozilla/5.0 (Windows NT 10.0; Win64; x64) AppleWebKit/537.36 (KHTML, like Gecko) Chrome/58.0.3029.110 Safari/537.3" anomfeedback.online 108.179.253.239
138.201.36.136 - - [14/Apr/2025:11:50:08 -0300] "GET / HTTP/1.1" 200 3567 "https://www.google.com/" "Mozilla/5.0 (Windows NT 10.0; WOW64) AppleWebKit/537.36 (KHTML, like Gecko) Chrome/72.0.3626.121 Safari/537.36" anomfeedback.online 108.179.253.239
154.28.229.22 - - [14/Apr/2025:11:56:30 -0300] "GET / HTTP/1.1" 200 1585 "-" "Mozilla/5.0 (Windows NT 10.0; Win64; x64) AppleWebKit/537.36 (KHTML, like Gecko) Chrome/117.0.0.0 Safari/537.36" anomfeedback.online 108.179.253.239
149.57.180.192 - - [14/Apr/2025:12:03:54 -0300] "GET / HTTP/1.1" 200 1585 "-" "Mozilla/5.0 (X11; Linux i686; rv:109.0) Gecko/20100101 Firefox/120.0" anomfeedback.online 108.179.253.239
2a06:98c0:3600::103 - - [14/Apr/2025:12:04:25 -0300] "GET /wordpress/wp-admin/setup-config.php HTTP/2.0" 404 836 "-" "Mozilla/5.0 (Windows NT 10.0; Win64; x64) AppleWebKit/537.36 (KHTML, like Gecko) Chrome/135.0.0.0 Safari/537.36" anomfeedback.online 108.179.253.239
2a06:98c0:3600::103 - - [14/Apr/2025:12:06:32 -0300] "GET /wp-admin/setup-config.php HTTP/2.0" 404 836 "-" "Mozilla/5.0 (Windows NT 10.0; Win64; x64) AppleWebKit/537.36 (KHTML, like Gecko) Chrome/135.0.0.0 Safari/537.36" anomfeedback.online 108.179.253.239
85.10.211.139 - - [14/Apr/2025:12:11:06 -0300] "GET / HTTP/1.1" 200 3567 "https://www.google.com/" "Mozilla/5.0 (Windows NT 10.0; Win64; x64) AppleWebKit/537.36 (KHTML, like Gecko) Chrome/74.0.3729.157 Safari/537.36" anomfeedback.online 108.179.253.239
2a06:98c0:3600::103 - - [14/Apr/2025:12:23:38 -0300] "GET /wp-admin/setup-config.php HTTP/2.0" 404 836 "-" "Mozilla/5.0 (Windows NT 10.0; Win64; x64) AppleWebKit/537.36 (KHTML, like Gecko) Chrome/135.0.0.0 Safari/537.36" anomfeedback.online 108.179.253.239
2a06:98c0:3600::103 - - [14/Apr/2025:12:25:54 -0300] "GET /wordpress/wp-admin/setup-config.php HTTP/2.0" 404 836 "-" "Mozilla/5.0 (Windows NT 10.0; Win64; x64) AppleWebKit/537.36 (KHTML, like Gecko) Chrome/135.0.0.0 Safari/537.36" anomfeedback.online 108.179.253.239
2a06:98c0:3600::103 - - [14/Apr/2025:12:43:08 -0300] "GET /wp-admin/setup-config.php HTTP/2.0" 404 836 "-" "Mozilla/5.0 (Windows NT 10.0; Win64; x64) AppleWebKit/537.36 (KHTML, like Gecko) Chrome/135.0.0.0 Safari/537.36" anomfeedback.online 108.179.253.239
2a06:98c0:3600::103 - - [14/Apr/2025:12:44:29 -0300] "GET /wordpress/wp-admin/setup-config.php HTTP/2.0" 404 836 "-" "Mozilla/5.0 (Windows NT 10.0; Win64; x64) AppleWebKit/537.36 (KHTML, like Gecko) Chrome/135.0.0.0 Safari/537.36" anomfeedback.online 108.179.253.239
2a06:98c0:3600::103 - - [14/Apr/2025:13:06:15 -0300] "GET /wordpress/wp-admin/setup-config.php HTTP/2.0" 404 836 "-" "Mozilla/5.0 (Windows NT 10.0; Win64; x64) AppleWebKit/537.36 (KHTML, like Gecko) Chrome/135.0.0.0 Safari/537.36" anomfeedback.online 108.179.253.239
2a06:98c0:3600::103 - - [14/Apr/2025:13:06:29 -0300] "GET /wp-admin/setup-config.php HTTP/2.0" 404 836 "-" "Mozilla/5.0 (Windows NT 10.0; Win64; x64) AppleWebKit/537.36 (KHTML, like Gecko) Chrome/135.0.0.0 Safari/537.36" anomfeedback.online 108.179.253.239
2a06:98c0:3600::103 - - [14/Apr/2025:13:22:54 -0300] "GET /wordpress/wp-admin/setup-config.php HTTP/2.0" 404 836 "-" "Mozilla/5.0 (Windows NT 10.0; Win64; x64) AppleWebKit/537.36 (KHTML, like Gecko) Chrome/135.0.0.0 Safari/537.36" anomfeedback.online 108.179.253.239
44.203.71.35 - - [14/Apr/2025:13:24:44 -0300] "GET / HTTP/2.0" 200 1585 "-" "Mozilla/5.0 (Windows NT 10.0; Win64; x64) AppleWebKit/537.36 (KHTML, like Gecko) Chrome/130.0.0.0 Safari/537.36" anomfeedback.online 108.179.253.239
44.203.71.35 - - [14/Apr/2025:13:24:44 -0300] "GET /styles/index.css HTTP/2.0" 200 154 "https://anomfeedback.online/" "Mozilla/5.0 (Windows NT 10.0; Win64; x64) AppleWebKit/537.36 (KHTML, like Gecko) Chrome/130.0.0.0 Safari/537.36" anomfeedback.online 108.179.253.239
44.203.71.35 - - [14/Apr/2025:13:24:44 -0300] "GET /assets/logo.png HTTP/2.0" 200 34614 "https://anomfeedback.online/" "Mozilla/5.0 (Windows NT 10.0; Win64; x64) AppleWebKit/537.36 (KHTML, like Gecko) Chrome/130.0.0.0 Safari/537.36" anomfeedback.online 108.179.253.239
44.203.71.35 - - [14/Apr/2025:13:24:44 -0300] "GET /script/index.js HTTP/2.0" 200 142 "https://anomfeedback.online/" "Mozilla/5.0 (Windows NT 10.0; Win64; x64) AppleWebKit/537.36 (KHTML, like Gecko) Chrome/130.0.0.0 Safari/537.36" anomfeedback.online 108.179.253.239
44.203.71.35 - - [14/Apr/2025:13:24:45 -0300] "GET /assets/favicon.png HTTP/2.0" 200 35006 "https://anomfeedback.online/" "Mozilla/5.0 (Windows NT 10.0; Win64; x64) AppleWebKit/537.36 (KHTML, like Gecko) Chrome/130.0.0.0 Safari/537.36" anomfeedback.online 108.179.253.239
2a06:98c0:3600::103 - - [14/Apr/2025:13:25:42 -0300] "GET /wp-admin/setup-config.php HTTP/2.0" 404 836 "-" "Mozilla/5.0 (Windows NT 10.0; Win64; x64) AppleWebKit/537.36 (KHTML, like Gecko) Chrome/135.0.0.0 Safari/537.36" anomfeedback.online 108.179.253.239
14.194.11.238 - - [14/Apr/2025:13:29:53 -0300] "HEAD / HTTP/2.0" 200 3567 "-" "Mozilla/5.0 (Windows NT 10.0; Win64; x64) AppleWebKit/537.36 (KHTML, like Gecko) Chrome/120.0.0.0 Safari/537.36" anomfeedback.online 108.179.253.239
2a06:98c0:3600::103 - - [14/Apr/2025:13:43:24 -0300] "GET /wp-admin/setup-config.php HTTP/2.0" 404 836 "-" "Mozilla/5.0 (Windows NT 10.0; Win64; x64) AppleWebKit/537.36 (KHTML, like Gecko) Chrome/135.0.0.0 Safari/537.36" anomfeedback.online 108.179.253.239
2a06:98c0:3600::103 - - [14/Apr/2025:13:43:52 -0300] "GET /wordpress/wp-admin/setup-config.php HTTP/2.0" 404 836 "-" "Mozilla/5.0 (Windows NT 10.0; Win64; x64) AppleWebKit/537.36 (KHTML, like Gecko) Chrome/135.0.0.0 Safari/537.36" anomfeedback.online 108.179.253.239
2a06:98c0:3600::103 - - [14/Apr/2025:14:02:17 -0300] "GET /wordpress/wp-admin/setup-config.php HTTP/2.0" 404 836 "-" "Mozilla/5.0 (Windows NT 10.0; Win64; x64) AppleWebKit/537.36 (KHTML, like Gecko) Chrome/135.0.0.0 Safari/537.36" anomfeedback.online 108.179.253.239
149.57.180.173 - - [14/Apr/2025:14:04:08 -0300] "GET / HTTP/1.1" 200 1585 "-" "Mozilla/5.0 (X11; Linux i686; rv:109.0) Gecko/20100101 Firefox/120.0" anomfeedback.online 108.179.253.239
2a06:98c0:3600::103 - - [14/Apr/2025:14:04:42 -0300] "GET /wp-admin/setup-config.php HTTP/2.0" 404 836 "-" "Mozilla/5.0 (Windows NT 10.0; Win64; x64) AppleWebKit/537.36 (KHTML, like Gecko) Chrome/135.0.0.0 Safari/537.36" anomfeedback.online 108.179.253.239
2a06:98c0:3600::103 - - [14/Apr/2025:14:22:21 -0300] "GET /wp-admin/setup-config.php HTTP/2.0" 404 836 "-" "Mozilla/5.0 (Windows NT 10.0; Win64; x64) AppleWebKit/537.36 (KHTML, like Gecko) Chrome/135.0.0.0 Safari/537.36" anomfeedback.online 108.179.253.239
2a06:98c0:3600::103 - - [14/Apr/2025:14:25:23 -0300] "GET /wordpress/wp-admin/setup-config.php HTTP/2.0" 404 836 "-" "Mozilla/5.0 (Windows NT 10.0; Win64; x64) AppleWebKit/537.36 (KHTML, like Gecko) Chrome/135.0.0.0 Safari/537.36" anomfeedback.online 108.179.253.239
2a06:98c0:3600::103 - - [14/Apr/2025:14:40:09 -0300] "GET /wordpress/wp-admin/setup-config.php HTTP/2.0" 404 836 "-" "Mozilla/5.0 (Windows NT 10.0; Win64; x64) AppleWebKit/537.36 (KHTML, like Gecko) Chrome/135.0.0.0 Safari/537.36" anomfeedback.online 108.179.253.239
2a06:98c0:3600::103 - - [14/Apr/2025:14:41:06 -0300] "GET /wp-admin/setup-config.php HTTP/2.0" 404 836 "-" "Mozilla/5.0 (Windows NT 10.0; Win64; x64) AppleWebKit/537.36 (KHTML, like Gecko) Chrome/135.0.0.0 Safari/537.36" anomfeedback.online 108.179.253.239
2a06:98c0:3600::103 - - [14/Apr/2025:15:00:27 -0300] "GET /wp-admin/setup-config.php HTTP/2.0" 404 836 "-" "Mozilla/5.0 (Windows NT 10.0; Win64; x64) AppleWebKit/537.36 (KHTML, like Gecko) Chrome/135.0.0.0 Safari/537.36" anomfeedback.online 108.179.253.239
2a06:98c0:3600::103 - - [14/Apr/2025:15:02:01 -0300] "GET /wordpress/wp-admin/setup-config.php HTTP/2.0" 404 836 "-" "Mozilla/5.0 (Windows NT 10.0; Win64; x64) AppleWebKit/537.36 (KHTML, like Gecko) Chrome/135.0.0.0 Safari/537.36" anomfeedback.online 108.179.253.239
2a06:98c0:3600::103 - - [14/Apr/2025:15:23:23 -0300] "GET /wp-admin/setup-config.php HTTP/2.0" 404 836 "-" "Mozilla/5.0 (Windows NT 10.0; Win64; x64) AppleWebKit/537.36 (KHTML, like Gecko) Chrome/135.0.0.0 Safari/537.36" anomfeedback.online 108.179.253.239
2a06:98c0:3600::103 - - [14/Apr/2025:15:23:34 -0300] "GET /wordpress/wp-admin/setup-config.php HTTP/2.0" 404 836 "-" "Mozilla/5.0 (Windows NT 10.0; Win64; x64) AppleWebKit/537.36 (KHTML, like Gecko) Chrome/135.0.0.0 Safari/537.36" anomfeedback.online 108.179.253.239
177.21.197.41 - - [14/Apr/2025:15:25:56 -0300] "GET / HTTP/2.0" 421 322 "-" "Mozilla/5.0 (Windows NT 10.0; Win64; x64) AppleWebKit/537.36 (KHTML, like Gecko) Chrome/135.0.0.0 Safari/537.36" anomfeedback.online 108.179.253.239
177.21.197.41 - - [14/Apr/2025:15:25:56 -0300] "GET / HTTP/2.0" 200 1585 "-" "Mozilla/5.0 (Windows NT 10.0; Win64; x64) AppleWebKit/537.36 (KHTML, like Gecko) Chrome/135.0.0.0 Safari/537.36" anomfeedback.online 108.179.253.239
177.21.197.41 - - [14/Apr/2025:15:25:57 -0300] "GET /styles/index.css HTTP/2.0" 200 154 "https://anomfeedback.online/" "Mozilla/5.0 (Windows NT 10.0; Win64; x64) AppleWebKit/537.36 (KHTML, like Gecko) Chrome/135.0.0.0 Safari/537.36" anomfeedback.online 108.179.253.239
177.21.197.41 - - [14/Apr/2025:15:25:57 -0300] "GET /script/index.js HTTP/2.0" 200 142 "https://anomfeedback.online/" "Mozilla/5.0 (Windows NT 10.0; Win64; x64) AppleWebKit/537.36 (KHTML, like Gecko) Chrome/135.0.0.0 Safari/537.36" anomfeedback.online 108.179.253.239
177.21.197.41 - - [14/Apr/2025:15:25:57 -0300] "GET /assets/logo.png HTTP/2.0" 200 34614 "https://anomfeedback.online/" "Mozilla/5.0 (Windows NT 10.0; Win64; x64) AppleWebKit/537.36 (KHTML, like Gecko) Chrome/135.0.0.0 Safari/537.36" anomfeedback.online 108.179.253.239
177.21.197.41 - - [14/Apr/2025:15:25:57 -0300] "GET /assets/favicon.png HTTP/2.0" 200 35006 "https://anomfeedback.online/" "Mozilla/5.0 (Windows NT 10.0; Win64; x64) AppleWebKit/537.36 (KHTML, like Gecko) Chrome/135.0.0.0 Safari/537.36" anomfeedback.online 108.179.253.239
177.21.197.41 - - [14/Apr/2025:15:26:52 -0300] "POST /actions/sendFeedback.php HTTP/2.0" 302 - "https://anomfeedback.online/" "Mozilla/5.0 (Windows NT 10.0; Win64; x64) AppleWebKit/537.36 (KHTML, like Gecko) Chrome/135.0.0.0 Safari/537.36" anomfeedback.online 108.179.253.239
177.21.197.41 - - [14/Apr/2025:15:26:52 -0300] "GET /feedback-status.php?status=sucesso HTTP/2.0" 200 685 "https://anomfeedback.online/" "Mozilla/5.0 (Windows NT 10.0; Win64; x64) AppleWebKit/537.36 (KHTML, like Gecko) Chrome/135.0.0.0 Safari/537.36" anomfeedback.online 108.179.253.239
177.21.197.41 - - [14/Apr/2025:15:26:52 -0300] "GET /favicon.ico HTTP/2.0" 404 836 "https://anomfeedback.online/feedback-status.php?status=sucesso" "Mozilla/5.0 (Windows NT 10.0; Win64; x64) AppleWebKit/537.36 (KHTML, like Gecko) Chrome/135.0.0.0 Safari/537.36" anomfeedback.online 108.179.253.239
177.21.197.41 - - [14/Apr/2025:15:27:02 -0300] "GET /index.html HTTP/2.0" 200 1585 "https://anomfeedback.online/feedback-status.php?status=sucesso" "Mozilla/5.0 (Windows NT 10.0; Win64; x64) AppleWebKit/537.36 (KHTML, like Gecko) Chrome/135.0.0.0 Safari/537.36" anomfeedback.online 108.179.253.239
91.84.87.137 - - [14/Apr/2025:15:36:28 -0300] "GET / HTTP/2.0" 200 1585 "-" "Mozilla/5.0 (Linux; Android 6.0; Nexus 5 Build/MRA58N) AppleWebKit/537.36 (KHTML, like Gecko) Chrome/130.0.0.0 Mobile Safari/537.36" anomfeedback.online 108.179.253.239
91.84.87.137 - - [14/Apr/2025:15:36:28 -0300] "GET /assets/logo.png HTTP/2.0" 200 34614 "-" "Mozilla/5.0 (Linux; Android 6.0; Nexus 5 Build/MRA58N) AppleWebKit/537.36 (KHTML, like Gecko) Chrome/130.0.0.0 Mobile Safari/537.36" anomfeedback.online 108.179.253.239
91.84.87.137 - - [14/Apr/2025:15:36:32 -0300] "GET /script/index.js HTTP/2.0" 200 142 "-" "Mozilla/5.0 (Linux; Android 6.0; Nexus 5 Build/MRA58N) AppleWebKit/537.36 (KHTML, like Gecko) Chrome/130.0.0.0 Mobile Safari/537.36" anomfeedback.online 108.179.253.239
91.84.87.137 - - [14/Apr/2025:15:36:32 -0300] "GET /assets/favicon.png HTTP/2.0" 200 35006 "-" "Mozilla/5.0 (Linux; Android 6.0; Nexus 5 Build/MRA58N) AppleWebKit/537.36 (KHTML, like Gecko) Chrome/130.0.0.0 Mobile Safari/537.36" anomfeedback.online 108.179.253.239
91.84.87.137 - - [14/Apr/2025:15:36:38 -0300] "GET /js/twint_ch.js HTTP/2.0" 404 836 "-" "Mozilla/5.0 (Linux; Android 6.0; Nexus 5 Build/MRA58N) AppleWebKit/537.36 (KHTML, like Gecko) Chrome/130.0.0.0 Mobile Safari/537.36" anomfeedback.online 108.179.253.239
2a06:98c0:3600::103 - - [14/Apr/2025:15:39:42 -0300] "GET /wordpress/wp-admin/setup-config.php HTTP/2.0" 404 836 "-" "Mozilla/5.0 (Windows NT 10.0; Win64; x64) AppleWebKit/537.36 (KHTML, like Gecko) Chrome/135.0.0.0 Safari/537.36" anomfeedback.online 108.179.253.239
2a06:98c0:3600::103 - - [14/Apr/2025:15:40:48 -0300] "GET /wp-admin/setup-config.php HTTP/2.0" 404 836 "-" "Mozilla/5.0 (Windows NT 10.0; Win64; x64) AppleWebKit/537.36 (KHTML, like Gecko) Chrome/135.0.0.0 Safari/537.36" anomfeedback.online 108.179.253.239
139.59.169.167 - - [14/Apr/2025:15:45:54 -0300] "GET / HTTP/1.1" 200 1585 "-" "Mozilla/5.0 (compatible)" anomfeedback.online 108.179.253.239
139.59.169.167 - - [14/Apr/2025:15:45:57 -0300] "GET /assets/favicon.png HTTP/1.1" 200 35006 "https://anomfeedback.online/" "Mozilla/5.0 (compatible)" anomfeedback.online 108.179.253.239
2a06:98c0:3600::103 - - [14/Apr/2025:16:01:51 -0300] "GET /wordpress/wp-admin/setup-config.php HTTP/2.0" 404 836 "-" "Mozilla/5.0 (Windows NT 10.0; Win64; x64) AppleWebKit/537.36 (KHTML, like Gecko) Chrome/135.0.0.0 Safari/537.36" anomfeedback.online 108.179.253.239
2a06:98c0:3600::103 - - [14/Apr/2025:16:04:04 -0300] "GET /wp-admin/setup-config.php HTTP/2.0" 404 836 "-" "Mozilla/5.0 (Windows NT 10.0; Win64; x64) AppleWebKit/537.36 (KHTML, like Gecko) Chrome/135.0.0.0 Safari/537.36" anomfeedback.online 108.179.253.239
45.141.152.75 - - [14/Apr/2025:16:12:26 -0300] "GET / HTTP/2.0" 200 1585 "-" "Mozilla/5.0 (X11; Linux x86_64) AppleWebKit/537.36 (KHTML, like Gecko) Chrome/135.0.0.0 Safari/537.36" anomfeedback.online 108.179.253.239
45.141.152.75 - - [14/Apr/2025:16:12:26 -0300] "GET /assets/logo.png HTTP/2.0" 200 34614 "https://anomfeedback.online/" "Mozilla/5.0 (X11; Linux x86_64) AppleWebKit/537.36 (KHTML, like Gecko) Chrome/135.0.0.0 Safari/537.36" anomfeedback.online 108.179.253.239
45.141.152.75 - - [14/Apr/2025:16:12:26 -0300] "GET /script/index.js HTTP/2.0" 200 142 "https://anomfeedback.online/" "Mozilla/5.0 (X11; Linux x86_64) AppleWebKit/537.36 (KHTML, like Gecko) Chrome/135.0.0.0 Safari/537.36" anomfeedback.online 108.179.253.239
45.141.152.75 - - [14/Apr/2025:16:12:26 -0300] "GET /styles/index.css HTTP/2.0" 200 154 "https://anomfeedback.online/" "Mozilla/5.0 (X11; Linux x86_64) AppleWebKit/537.36 (KHTML, like Gecko) Chrome/135.0.0.0 Safari/537.36" anomfeedback.online 108.179.253.239
45.141.152.75 - - [14/Apr/2025:16:12:27 -0300] "GET /assets/favicon.png HTTP/2.0" 200 35006 "https://anomfeedback.online/" "Mozilla/5.0 (X11; Linux x86_64) AppleWebKit/537.36 (KHTML, like Gecko) Chrome/135.0.0.0 Safari/537.36" anomfeedback.online 108.179.253.239
3.239.108.7 - - [14/Apr/2025:16:13:44 -0300] "GET /assets/favicon.png HTTP/1.1" 200 35006 "-" "Mozilla/5.0 (Windows NT 6.3; WOW64; rv:38.0) Gecko/20100101 Firefox/38.0" anomfeedback.online 108.179.253.239
3.239.108.7 - - [14/Apr/2025:16:13:44 -0300] "GET /favicon.ico HTTP/1.1" 404 836 "-" "Mozilla/5.0 (Windows NT 6.3; WOW64; rv:38.0) Gecko/20100101 Firefox/38.0" anomfeedback.online 108.179.253.239
104.234.227.5 - - [14/Apr/2025:16:14:28 -0300] "GET / HTTP/2.0" 200 1585 "-" "Mozilla/5.0 (Windows NT 10.0; Win64; x64) AppleWebKit/537.36 (KHTML, like Gecko) Chrome/98.0.4758.102 Safari/537.36" anomfeedback.online 108.179.253.239
104.234.227.5 - - [14/Apr/2025:16:14:28 -0300] "GET /styles/index.css HTTP/2.0" 200 154 "https://anomfeedback.online/" "Mozilla/5.0 (Windows NT 10.0; Win64; x64) AppleWebKit/537.36 (KHTML, like Gecko) Chrome/98.0.4758.102 Safari/537.36" anomfeedback.online 108.179.253.239
104.234.227.5 - - [14/Apr/2025:16:14:28 -0300] "GET /script/index.js HTTP/2.0" 200 142 "https://anomfeedback.online/" "Mozilla/5.0 (Windows NT 10.0; Win64; x64) AppleWebKit/537.36 (KHTML, like Gecko) Chrome/98.0.4758.102 Safari/537.36" anomfeedback.online 108.179.253.239
98.159.43.91 - - [14/Apr/2025:16:14:30 -0300] "GET / HTTP/1.1" 200 1585 "-" "Mozilla/5.0 (Windows NT 10.0; Win64; x64) AppleWebKit/537.36 (KHTML, like Gecko) Chrome/98.0.4758.102 Safari/537.36" anomfeedback.online 108.179.253.239
23.94.155.43 - - [14/Apr/2025:16:14:31 -0300] "GET /assets/logo.png HTTP/1.1" 200 34614 "https://anomfeedback.online/" "Mozilla/5.0 (Windows NT 10.0; Win64; x64) AppleWebKit/537.36 (KHTML, like Gecko) Chrome/98.0.4758.102 Safari/537.36" anomfeedback.online 108.179.253.239
212.18.127.212 - - [14/Apr/2025:16:15:29 -0300] "GET / HTTP/1.1" 200 1585 "-" "Mozilla/5.0 (X11; Ubuntu; Linux x86_64; rv:109.0) Gecko/20100101 Firefox/117.0" anomfeedback.online 108.179.253.239
212.18.113.179 - - [14/Apr/2025:16:15:29 -0300] "GET /robots.txt HTTP/1.1" 404 836 "-" "Mozilla/5.0 (X11; Ubuntu; Linux x86_64; rv:109.0) Gecko/20100101 Firefox/117.0" anomfeedback.online 108.179.253.239
77.243.90.53 - - [14/Apr/2025:16:15:43 -0300] "GET /robots.txt HTTP/1.1" 404 836 "-" "Mozilla/5.0 (X11; Ubuntu; Linux x86_64; rv:109.0) Gecko/20100101 Firefox/117.0" anomfeedback.online 108.179.253.239
77.243.88.115 - - [14/Apr/2025:16:15:43 -0300] "GET / HTTP/1.1" 200 1585 "-" "Mozilla/5.0 (X11; Ubuntu; Linux x86_64; rv:109.0) Gecko/20100101 Firefox/117.0" anomfeedback.online 108.179.253.239
79.110.31.54 - - [14/Apr/2025:16:16:07 -0300] "GET /robots.txt HTTP/1.1" 404 836 "-" "Mozilla/5.0 (X11; Ubuntu; Linux x86_64; rv:109.0) Gecko/20100101 Firefox/117.0" anomfeedback.online 108.179.253.239
185.50.250.56 - - [14/Apr/2025:16:16:07 -0300] "GET / HTTP/1.1" 200 1585 "-" "Mozilla/5.0 (X11; Ubuntu; Linux x86_64; rv:109.0) Gecko/20100101 Firefox/117.0" anomfeedback.online 108.179.253.239
82.102.31.156 - - [14/Apr/2025:16:22:21 -0300] "GET / HTTP/1.1" 200 1585 "-" "Mozilla/5.0 (Windows NT 10.0; Win64; x64) AppleWebKit/537.36 (KHTML, like Gecko) Chrome/131.0.0.0 Safari/537.36 Edg/131.0.0.0" anomfeedback.online 108.179.253.239
185.216.35.138 - - [14/Apr/2025:16:22:22 -0300] "GET / HTTP/1.1" 200 1585 "-" "Mozilla/5.0 (Windows NT 10.0; Win64; x64) AppleWebKit/537.36 (KHTML, like Gecko) Chrome/132.0.0.0 Safari/537.36 Edg/132.0.0.0" anomfeedback.online 108.179.253.239
185.152.67.230 - - [14/Apr/2025:16:22:24 -0300] "GET / HTTP/1.1" 200 1585 "-" "Mozilla/5.0 (iPhone; CPU iPhone OS 17_6_1 like Mac OS X) AppleWebKit/605.1.15 (KHTML, like Gecko) Version/17.6 Mobile/15E148 Safari/604.1" anomfeedback.online 108.179.253.239
82.102.31.156 - - [14/Apr/2025:16:23:29 -0300] "GET /./assets/logo.png HTTP/1.1" 200 34614 "-" "Mozilla/5.0 (Windows NT 10.0; Win64; x64) AppleWebKit/537.36 (KHTML, like Gecko) Chrome/131.0.0.0 Safari/537.36 Edg/131.0.0.0" anomfeedback.online 108.179.253.239
82.102.31.156 - - [14/Apr/2025:16:23:29 -0300] "GET /assets/favicon.png HTTP/1.1" 200 35006 "-" "Mozilla/5.0 (Windows NT 10.0; Win64; x64) AppleWebKit/537.36 (KHTML, like Gecko) Chrome/131.0.0.0 Safari/537.36 Edg/131.0.0.0" anomfeedback.online 108.179.253.239
185.152.67.230 - - [14/Apr/2025:16:23:35 -0300] "GET /./assets/logo.png HTTP/1.1" 200 34614 "-" "Mozilla/5.0 (iPhone; CPU iPhone OS 17_6_1 like Mac OS X) AppleWebKit/605.1.15 (KHTML, like Gecko) Version/17.6 Mobile/15E148 Safari/604.1" anomfeedback.online 108.179.253.239
185.216.35.138 - - [14/Apr/2025:16:23:40 -0300] "GET /assets/favicon.png HTTP/1.1" 200 35006 "-" "Mozilla/5.0 (Windows NT 10.0; Win64; x64) AppleWebKit/537.36 (KHTML, like Gecko) Chrome/132.0.0.0 Safari/537.36 Edg/132.0.0.0" anomfeedback.online 108.179.253.239
185.216.35.138 - - [14/Apr/2025:16:23:42 -0300] "GET /./assets/logo.png HTTP/1.1" 200 34614 "-" "Mozilla/5.0 (Windows NT 10.0; Win64; x64) AppleWebKit/537.36 (KHTML, like Gecko) Chrome/132.0.0.0 Safari/537.36 Edg/132.0.0.0" anomfeedback.online 108.179.253.239
185.152.67.230 - - [14/Apr/2025:16:23:42 -0300] "GET /assets/favicon.png HTTP/1.1" 200 35006 "-" "Mozilla/5.0 (iPhone; CPU iPhone OS 17_6_1 like Mac OS X) AppleWebKit/605.1.15 (KHTML, like Gecko) Version/17.6 Mobile/15E148 Safari/604.1" anomfeedback.online 108.179.253.239
185.216.35.138 - - [14/Apr/2025:16:24:58 -0300] "GET /favicon.ico HTTP/1.1" 404 836 "-" "Mozilla/5.0 (Windows NT 10.0; Win64; x64) AppleWebKit/537.36 (KHTML, like Gecko) Chrome/132.0.0.0 Safari/537.36 Edg/132.0.0.0" anomfeedback.online 108.179.253.239
206.168.34.54 - - [14/Apr/2025:16:25:08 -0300] "GET / HTTP/1.1" 200 1585 "-" "Mozilla/5.0 (compatible; CensysInspect/1.1; +https://about.censys.io/)" anomfeedback.online 108.179.253.239
206.168.34.54 - - [14/Apr/2025:16:25:22 -0300] "GET /assets/favicon.png HTTP/1.1" 200 35006 "-" "Mozilla/5.0 (compatible; CensysInspect/1.1; +https://about.censys.io/)" anomfeedback.online 108.179.253.239
206.168.34.54 - - [14/Apr/2025:16:25:27 -0300] "GET /favicon.ico HTTP/1.1" 404 836 "-" "Mozilla/5.0 (compatible; CensysInspect/1.1; +https://about.censys.io/)" anomfeedback.online 108.179.253.239
206.168.34.54 - - [14/Apr/2025:16:26:09 -0300] "GET /favicon.ico HTTP/1.1" 404 836 "-" "Mozilla/5.0 (compatible; CensysInspect/1.1; +https://about.censys.io/)" anomfeedback.online 108.179.253.239
2a06:98c0:3600::103 - - [14/Apr/2025:16:26:13 -0300] "GET /wp-admin/setup-config.php HTTP/2.0" 404 836 "-" "Mozilla/5.0 (Windows NT 10.0; Win64; x64) AppleWebKit/537.36 (KHTML, like Gecko) Chrome/135.0.0.0 Safari/537.36" anomfeedback.online 108.179.253.239
2a06:98c0:3600::103 - - [14/Apr/2025:16:26:52 -0300] "GET /wordpress/wp-admin/setup-config.php HTTP/2.0" 404 836 "-" "Mozilla/5.0 (Windows NT 10.0; Win64; x64) AppleWebKit/537.36 (KHTML, like Gecko) Chrome/135.0.0.0 Safari/537.36" anomfeedback.online 108.179.253.239
138.68.166.157 - - [14/Apr/2025:16:27:00 -0300] "GET / HTTP/2.0" 200 1585 "-" "Mozilla/5.0 (Windows NT 10.0; Win64; x64) AppleWebKit/537.36 (KHTML, like Gecko) Chrome/42.0.2311.135 Safari/537.36 Edge/12.246" anomfeedback.online 108.179.253.239
185.47.34.85 - - [14/Apr/2025:16:27:33 -0300] "GET / HTTP/2.0" 200 1585 "-" "Mozilla/5.0 (Windows NT 10.0; Win64; x64) AppleWebKit/537.36 (KHTML, like Gecko) Chrome/132.0.0.0 Safari/537.36 Edg/132.0.0.0" anomfeedback.online 108.179.253.239
185.47.34.85 - - [14/Apr/2025:16:27:34 -0300] "GET /styles/index.css HTTP/2.0" 200 154 "https://anomfeedback.online/" "Mozilla/5.0 (Windows NT 10.0; Win64; x64) AppleWebKit/537.36 (KHTML, like Gecko) Chrome/132.0.0.0 Safari/537.36 Edg/132.0.0.0" anomfeedback.online 108.179.253.239
185.47.34.85 - - [14/Apr/2025:16:27:34 -0300] "GET /script/index.js HTTP/2.0" 200 142 "https://anomfeedback.online/" "Mozilla/5.0 (Windows NT 10.0; Win64; x64) AppleWebKit/537.36 (KHTML, like Gecko) Chrome/132.0.0.0 Safari/537.36 Edg/132.0.0.0" anomfeedback.online 108.179.253.239
185.47.34.85 - - [14/Apr/2025:16:27:34 -0300] "GET /assets/logo.png HTTP/2.0" 200 34614 "https://anomfeedback.online/" "Mozilla/5.0 (Windows NT 10.0; Win64; x64) AppleWebKit/537.36 (KHTML, like Gecko) Chrome/132.0.0.0 Safari/537.36 Edg/132.0.0.0" anomfeedback.online 108.179.253.239
185.47.34.85 - - [14/Apr/2025:16:27:35 -0300] "GET /assets/favicon.png HTTP/2.0" 200 35006 "https://anomfeedback.online/" "Mozilla/5.0 (Windows NT 10.0; Win64; x64) AppleWebKit/537.36 (KHTML, like Gecko) Chrome/132.0.0.0 Safari/537.36 Edg/132.0.0.0" anomfeedback.online 108.179.253.239
185.47.34.85 - - [14/Apr/2025:16:29:44 -0300] "GET /assets/favicon.png HTTP/1.1" 200 35006 "-" "Mozilla/5.0 (Windows NT 10.0; Win64; x64) AppleWebKit/537.36 (KHTML, like Gecko) Chrome/132.0.0.0 Safari/537.36 Edg/132.0.0.0" anomfeedback.online 108.179.253.239
185.47.34.85 - - [14/Apr/2025:16:29:44 -0300] "GET /./assets/logo.png HTTP/1.1" 200 34614 "-" "Mozilla/5.0 (Windows NT 10.0; Win64; x64) AppleWebKit/537.36 (KHTML, like Gecko) Chrome/132.0.0.0 Safari/537.36 Edg/132.0.0.0" anomfeedback.online 108.179.253.239
40.80.158.10 - - [14/Apr/2025:16:35:11 -0300] "GET / HTTP/2.0" 200 1585 "-" "Mozilla/5.0 (Windows NT 10.0; Win64; x64) AppleWebKit/537.36 (KHTML, like Gecko) Chrome/133.0.0.0 Safari/537.36" anomfeedback.online 108.179.253.239
40.80.158.10 - - [14/Apr/2025:16:35:11 -0300] "GET /assets/logo.png HTTP/2.0" 200 34614 "https://anomfeedback.online/" "Mozilla/5.0 (Windows NT 10.0; Win64; x64) AppleWebKit/537.36 (KHTML, like Gecko) Chrome/133.0.0.0 Safari/537.36" anomfeedback.online 108.179.253.239
40.80.158.10 - - [14/Apr/2025:16:35:11 -0300] "GET /script/index.js HTTP/2.0" 200 142 "https://anomfeedback.online/" "Mozilla/5.0 (Windows NT 10.0; Win64; x64) AppleWebKit/537.36 (KHTML, like Gecko) Chrome/133.0.0.0 Safari/537.36" anomfeedback.online 108.179.253.239
40.80.158.10 - - [14/Apr/2025:16:35:11 -0300] "GET /styles/index.css HTTP/2.0" 200 154 "https://anomfeedback.online/" "Mozilla/5.0 (Windows NT 10.0; Win64; x64) AppleWebKit/537.36 (KHTML, like Gecko) Chrome/133.0.0.0 Safari/537.36" anomfeedback.online 108.179.253.239
40.80.158.10 - - [14/Apr/2025:16:35:18 -0300] "GET /assets/favicon.png HTTP/2.0" 200 35006 "https://anomfeedback.online/" "Mozilla/5.0 (Windows NT 10.0; Win64; x64) AppleWebKit/537.36 (KHTML, like Gecko) Chrome/133.0.0.0 Safari/537.36" anomfeedback.online 108.179.253.239
107.23.45.48 - - [14/Apr/2025:16:38:13 -0300] "GET / HTTP/2.0" 200 1585 "-" "Mozilla/5.0 (Windows NT 10.0; Win64; x64) AppleWebKit/537.36 (KHTML, like Gecko) Chrome/130.0.0.0 Safari/537.36" anomfeedback.online 108.179.253.239
107.23.45.48 - - [14/Apr/2025:16:38:13 -0300] "GET /assets/logo.png HTTP/2.0" 200 34614 "https://anomfeedback.online/" "Mozilla/5.0 (Windows NT 10.0; Win64; x64) AppleWebKit/537.36 (KHTML, like Gecko) Chrome/130.0.0.0 Safari/537.36" anomfeedback.online 108.179.253.239
107.23.45.48 - - [14/Apr/2025:16:38:13 -0300] "GET /styles/index.css HTTP/2.0" 200 154 "https://anomfeedback.online/" "Mozilla/5.0 (Windows NT 10.0; Win64; x64) AppleWebKit/537.36 (KHTML, like Gecko) Chrome/130.0.0.0 Safari/537.36" anomfeedback.online 108.179.253.239
107.23.45.48 - - [14/Apr/2025:16:38:13 -0300] "GET /script/index.js HTTP/2.0" 200 142 "https://anomfeedback.online/" "Mozilla/5.0 (Windows NT 10.0; Win64; x64) AppleWebKit/537.36 (KHTML, like Gecko) Chrome/130.0.0.0 Safari/537.36" anomfeedback.online 108.179.253.239
107.23.45.48 - - [14/Apr/2025:16:38:14 -0300] "GET /assets/favicon.png HTTP/2.0" 200 35006 "https://anomfeedback.online/" "Mozilla/5.0 (Windows NT 10.0; Win64; x64) AppleWebKit/537.36 (KHTML, like Gecko) Chrome/130.0.0.0 Safari/537.36" anomfeedback.online 108.179.253.239
106.154.145.187 - - [14/Apr/2025:16:47:35 -0300] "HEAD / HTTP/1.1" 200 - "-" "Mozilla/5.0 (iPhone; CPU iPhone OS 16_6_1 like Mac OS X) AppleWebKit/605.1.15 (KHTML, like Gecko) FxiOS/118.1 Mobile/15E148 Safari/605.1.15" anomfeedback.online 108.179.253.239
106.154.145.187 - - [14/Apr/2025:16:47:36 -0300] "GET / HTTP/1.1" 200 1585 "-" "Mozilla/5.0 (iPhone; CPU iPhone OS 16_6_1 like Mac OS X) AppleWebKit/605.1.15 (KHTML, like Gecko) FxiOS/118.1 Mobile/15E148 Safari/605.1.15" anomfeedback.online 108.179.253.239
2a06:98c0:3600::103 - - [14/Apr/2025:16:50:32 -0300] "GET /wp-admin/setup-config.php HTTP/2.0" 404 836 "-" "Mozilla/5.0 (Windows NT 10.0; Win64; x64) AppleWebKit/537.36 (KHTML, like Gecko) Chrome/135.0.0.0 Safari/537.36" anomfeedback.online 108.179.253.239
2a06:98c0:3600::103 - - [14/Apr/2025:16:51:38 -0300] "GET /wordpress/wp-admin/setup-config.php HTTP/2.0" 404 836 "-" "Mozilla/5.0 (Windows NT 10.0; Win64; x64) AppleWebKit/537.36 (KHTML, like Gecko) Chrome/135.0.0.0 Safari/537.36" anomfeedback.online 108.179.253.239
37.120.147.153 - - [14/Apr/2025:16:58:14 -0300] "GET / HTTP/1.1" 200 1585 "-" "Mozilla/5.0 (Windows NT 10.0; Win64; x64) AppleWebKit/537.36 (KHTML, like Gecko) Chrome/131.0.0.0 Safari/537.36 Edg/131.0.0.0" anomfeedback.online 108.179.253.239
185.216.35.138 - - [14/Apr/2025:16:58:17 -0300] "GET / HTTP/1.1" 200 1585 "-" "Mozilla/5.0 (Windows NT 10.0; Win64; x64) AppleWebKit/537.36 (KHTML, like Gecko) Chrome/132.0.0.0 Safari/537.36 Edg/132.0.0.0" anomfeedback.online 108.179.253.239
185.152.67.230 - - [14/Apr/2025:16:58:20 -0300] "GET / HTTP/1.1" 200 1585 "-" "Mozilla/5.0 (iPhone; CPU iPhone OS 17_6_1 like Mac OS X) AppleWebKit/605.1.15 (KHTML, like Gecko) Version/17.6 Mobile/15E148 Safari/604.1" anomfeedback.online 108.179.253.239
37.120.147.153 - - [14/Apr/2025:16:58:27 -0300] "GET /./assets/logo.png HTTP/1.1" 200 34614 "-" "Mozilla/5.0 (Windows NT 10.0; Win64; x64) AppleWebKit/537.36 (KHTML, like Gecko) Chrome/131.0.0.0 Safari/537.36 Edg/131.0.0.0" anomfeedback.online 108.179.253.239
37.120.147.153 - - [14/Apr/2025:16:58:31 -0300] "GET /assets/favicon.png HTTP/1.1" 200 35006 "-" "Mozilla/5.0 (Windows NT 10.0; Win64; x64) AppleWebKit/537.36 (KHTML, like Gecko) Chrome/131.0.0.0 Safari/537.36 Edg/131.0.0.0" anomfeedback.online 108.179.253.239
185.216.35.138 - - [14/Apr/2025:16:58:37 -0300] "GET /assets/favicon.png HTTP/1.1" 200 35006 "-" "Mozilla/5.0 (Windows NT 10.0; Win64; x64) AppleWebKit/537.36 (KHTML, like Gecko) Chrome/132.0.0.0 Safari/537.36 Edg/132.0.0.0" anomfeedback.online 108.179.253.239
185.216.35.138 - - [14/Apr/2025:16:58:43 -0300] "GET /./assets/logo.png HTTP/1.1" 200 34614 "-" "Mozilla/5.0 (Windows NT 10.0; Win64; x64) AppleWebKit/537.36 (KHTML, like Gecko) Chrome/132.0.0.0 Safari/537.36 Edg/132.0.0.0" anomfeedback.online 108.179.253.239
185.152.67.230 - - [14/Apr/2025:16:58:47 -0300] "GET /assets/favicon.png HTTP/1.1" 200 35006 "-" "Mozilla/5.0 (iPhone; CPU iPhone OS 17_6_1 like Mac OS X) AppleWebKit/605.1.15 (KHTML, like Gecko) Version/17.6 Mobile/15E148 Safari/604.1" anomfeedback.online 108.179.253.239
185.152.67.230 - - [14/Apr/2025:16:58:49 -0300] "GET /./assets/logo.png HTTP/1.1" 200 34614 "-" "Mozilla/5.0 (iPhone; CPU iPhone OS 17_6_1 like Mac OS X) AppleWebKit/605.1.15 (KHTML, like Gecko) Version/17.6 Mobile/15E148 Safari/604.1" anomfeedback.online 108.179.253.239
185.216.35.138 - - [14/Apr/2025:16:59:21 -0300] "GET /favicon.ico HTTP/1.1" 404 836 "-" "Mozilla/5.0 (Windows NT 10.0; Win64; x64) AppleWebKit/537.36 (KHTML, like Gecko) Chrome/132.0.0.0 Safari/537.36 Edg/132.0.0.0" anomfeedback.online 108.179.253.239
203.166.154.52 - - [14/Apr/2025:17:02:55 -0300] "GET / HTTP/2.0" 200 1585 "-" "Mozilla/5.0 (iPhone; CPU iPhone OS 17_4_1 like Mac OS X) AppleWebKit/605.1.15 (KHTML, like Gecko) CriOS/123.0.6312.52 Mobile/15E148 Safari/604.1" anomfeedback.online 108.179.253.239
203.166.154.52 - - [14/Apr/2025:17:02:55 -0300] "GET /styles/index.css HTTP/2.0" 200 154 "https://anomfeedback.online/" "Mozilla/5.0 (iPhone; CPU iPhone OS 17_4_1 like Mac OS X) AppleWebKit/605.1.15 (KHTML, like Gecko) CriOS/123.0.6312.52 Mobile/15E148 Safari/604.1" anomfeedback.online 108.179.253.239
203.166.154.52 - - [14/Apr/2025:17:02:55 -0300] "GET /script/index.js HTTP/2.0" 200 142 "https://anomfeedback.online/" "Mozilla/5.0 (iPhone; CPU iPhone OS 17_4_1 like Mac OS X) AppleWebKit/605.1.15 (KHTML, like Gecko) CriOS/123.0.6312.52 Mobile/15E148 Safari/604.1" anomfeedback.online 108.179.253.239
203.166.154.52 - - [14/Apr/2025:17:02:55 -0300] "GET /assets/logo.png HTTP/2.0" 200 34614 "https://anomfeedback.online/" "Mozilla/5.0 (iPhone; CPU iPhone OS 17_4_1 like Mac OS X) AppleWebKit/605.1.15 (KHTML, like Gecko) CriOS/123.0.6312.52 Mobile/15E148 Safari/604.1" anomfeedback.online 108.179.253.239
203.166.154.52 - - [14/Apr/2025:17:02:57 -0300] "GET /assets/favicon.png HTTP/2.0" 200 35006 "https://anomfeedback.online/" "Mozilla/5.0 (iPhone; CPU iPhone OS 17_4_1 like Mac OS X) AppleWebKit/605.1.15 (KHTML, like Gecko) CriOS/123.0.6312.52 Mobile/15E148 Safari/604.1" anomfeedback.online 108.179.253.239
188.126.89.40 - - [14/Apr/2025:17:08:52 -0300] "GET / HTTP/2.0" 200 1585 "-" "Mozilla/5.0 (Windows NT 10.0; Win64; x64) AppleWebKit/537.36 (KHTML, like Gecko) Chrome/132.0.0.0 Safari/537.36 Edg/132.0.0.0" anomfeedback.online 108.179.253.239
188.126.89.40 - - [14/Apr/2025:17:08:52 -0300] "GET /assets/logo.png HTTP/2.0" 200 34614 "https://anomfeedback.online/" "Mozilla/5.0 (Windows NT 10.0; Win64; x64) AppleWebKit/537.36 (KHTML, like Gecko) Chrome/132.0.0.0 Safari/537.36 Edg/132.0.0.0" anomfeedback.online 108.179.253.239
188.126.89.40 - - [14/Apr/2025:17:08:52 -0300] "GET /styles/index.css HTTP/2.0" 200 154 "https://anomfeedback.online/" "Mozilla/5.0 (Windows NT 10.0; Win64; x64) AppleWebKit/537.36 (KHTML, like Gecko) Chrome/132.0.0.0 Safari/537.36 Edg/132.0.0.0" anomfeedback.online 108.179.253.239
188.126.89.40 - - [14/Apr/2025:17:08:52 -0300] "GET /script/index.js HTTP/2.0" 200 142 "https://anomfeedback.online/" "Mozilla/5.0 (Windows NT 10.0; Win64; x64) AppleWebKit/537.36 (KHTML, like Gecko) Chrome/132.0.0.0 Safari/537.36 Edg/132.0.0.0" anomfeedback.online 108.179.253.239
188.126.89.40 - - [14/Apr/2025:17:08:53 -0300] "GET /assets/favicon.png HTTP/2.0" 200 35006 "https://anomfeedback.online/" "Mozilla/5.0 (Windows NT 10.0; Win64; x64) AppleWebKit/537.36 (KHTML, like Gecko) Chrome/132.0.0.0 Safari/537.36 Edg/132.0.0.0" anomfeedback.online 108.179.253.239
188.126.89.40 - - [14/Apr/2025:17:13:04 -0300] "GET /./assets/logo.png HTTP/1.1" 200 34614 "-" "Mozilla/5.0 (Windows NT 10.0; Win64; x64) AppleWebKit/537.36 (KHTML, like Gecko) Chrome/132.0.0.0 Safari/537.36 Edg/132.0.0.0" anomfeedback.online 108.179.253.239
188.126.89.40 - - [14/Apr/2025:17:13:04 -0300] "GET /assets/favicon.png HTTP/1.1" 200 35006 "-" "Mozilla/5.0 (Windows NT 10.0; Win64; x64) AppleWebKit/537.36 (KHTML, like Gecko) Chrome/132.0.0.0 Safari/537.36 Edg/132.0.0.0" anomfeedback.online 108.179.253.239
2a06:98c0:3600::103 - - [14/Apr/2025:17:22:27 -0300] "GET /wordpress/wp-admin/setup-config.php HTTP/2.0" 404 836 "-" "Mozilla/5.0 (Windows NT 10.0; Win64; x64) AppleWebKit/537.36 (KHTML, like Gecko) Chrome/135.0.0.0 Safari/537.36" anomfeedback.online 108.179.253.239
2a06:98c0:3600::103 - - [14/Apr/2025:17:25:08 -0300] "GET /wp-admin/setup-config.php HTTP/2.0" 404 836 "-" "Mozilla/5.0 (Windows NT 10.0; Win64; x64) AppleWebKit/537.36 (KHTML, like Gecko) Chrome/135.0.0.0 Safari/537.36" anomfeedback.online 108.179.253.239
94.139.239.207 - - [14/Apr/2025:17:37:40 -0300] "GET / HTTP/2.0" 200 1585 "-" "Mozilla/5.0 (iPhone; CPU iPhone OS 16_6_1 like Mac OS X) AppleWebKit/605.1.15 (KHTML, like Gecko) Version/16.5 Mobile/15E148 Safari/604.1" anomfeedback.online 108.179.253.239
94.139.239.207 - - [14/Apr/2025:17:37:40 -0300] "GET /assets/logo.png HTTP/2.0" 200 34614 "https://anomfeedback.online/" "Mozilla/5.0 (iPhone; CPU iPhone OS 16_6_1 like Mac OS X) AppleWebKit/605.1.15 (KHTML, like Gecko) Version/16.5 Mobile/15E148 Safari/604.1" anomfeedback.online 108.179.253.239
94.139.239.207 - - [14/Apr/2025:17:37:40 -0300] "GET /styles/index.css HTTP/2.0" 200 154 "https://anomfeedback.online/" "Mozilla/5.0 (iPhone; CPU iPhone OS 16_6_1 like Mac OS X) AppleWebKit/605.1.15 (KHTML, like Gecko) Version/16.5 Mobile/15E148 Safari/604.1" anomfeedback.online 108.179.253.239
94.139.239.207 - - [14/Apr/2025:17:37:40 -0300] "GET /script/index.js HTTP/2.0" 200 142 "https://anomfeedback.online/" "Mozilla/5.0 (iPhone; CPU iPhone OS 16_6_1 like Mac OS X) AppleWebKit/605.1.15 (KHTML, like Gecko) Version/16.5 Mobile/15E148 Safari/604.1" anomfeedback.online 108.179.253.239
94.139.239.207 - - [14/Apr/2025:17:37:41 -0300] "GET /assets/favicon.png HTTP/2.0" 200 35006 "https://anomfeedback.online/" "Mozilla/5.0 (iPhone; CPU iPhone OS 16_6_1 like Mac OS X) AppleWebKit/605.1.15 (KHTML, like Gecko) Version/16.5 Mobile/15E148 Safari/604.1" anomfeedback.online 108.179.253.239
94.139.226.251 - - [14/Apr/2025:17:39:29 -0300] "GET / HTTP/2.0" 200 1585 "-" "Mozilla/5.0 (iPhone; CPU iPhone OS 17_3 like Mac OS X) AppleWebKit/605.1.15 (KHTML, like Gecko) CriOS/116.0.5845.177 Mobile/15E148 Safari/604.1" anomfeedback.online 108.179.253.239
94.139.226.251 - - [14/Apr/2025:17:39:29 -0300] "GET /assets/logo.png HTTP/2.0" 200 34614 "https://anomfeedback.online/" "Mozilla/5.0 (iPhone; CPU iPhone OS 17_3 like Mac OS X) AppleWebKit/605.1.15 (KHTML, like Gecko) CriOS/116.0.5845.177 Mobile/15E148 Safari/604.1" anomfeedback.online 108.179.253.239
94.139.226.251 - - [14/Apr/2025:17:39:29 -0300] "GET /script/index.js HTTP/2.0" 200 142 "https://anomfeedback.online/" "Mozilla/5.0 (iPhone; CPU iPhone OS 17_3 like Mac OS X) AppleWebKit/605.1.15 (KHTML, like Gecko) CriOS/116.0.5845.177 Mobile/15E148 Safari/604.1" anomfeedback.online 108.179.253.239
94.139.226.251 - - [14/Apr/2025:17:39:29 -0300] "GET /styles/index.css HTTP/2.0" 200 154 "https://anomfeedback.online/" "Mozilla/5.0 (iPhone; CPU iPhone OS 17_3 like Mac OS X) AppleWebKit/605.1.15 (KHTML, like Gecko) CriOS/116.0.5845.177 Mobile/15E148 Safari/604.1" anomfeedback.online 108.179.253.239
94.139.226.251 - - [14/Apr/2025:17:39:30 -0300] "GET /assets/favicon.png HTTP/2.0" 200 35006 "https://anomfeedback.online/" "Mozilla/5.0 (iPhone; CPU iPhone OS 17_3 like Mac OS X) AppleWebKit/605.1.15 (KHTML, like Gecko) CriOS/116.0.5845.177 Mobile/15E148 Safari/604.1" anomfeedback.online 108.179.253.239
2a06:98c0:3600::103 - - [14/Apr/2025:17:48:28 -0300] "GET /wordpress/wp-admin/setup-config.php HTTP/2.0" 404 836 "-" "Mozilla/5.0 (Windows NT 10.0; Win64; x64) AppleWebKit/537.36 (KHTML, like Gecko) Chrome/135.0.0.0 Safari/537.36" anomfeedback.online 108.179.253.239
37.120.147.153 - - [14/Apr/2025:17:49:19 -0300] "GET / HTTP/2.0" 200 1585 "-" "Mozilla/5.0 (Macintosh; Intel Mac OS X 10_15_7) AppleWebKit/537.36 (KHTML, like Gecko) Chrome/126.0.0.0 Safari/537.36" anomfeedback.online 108.179.253.239
37.120.147.153 - - [14/Apr/2025:17:49:19 -0300] "GET /styles/index.css HTTP/2.0" 200 154 "https://anomfeedback.online/" "Mozilla/5.0 (Macintosh; Intel Mac OS X 10_15_7) AppleWebKit/537.36 (KHTML, like Gecko) Chrome/126.0.0.0 Safari/537.36" anomfeedback.online 108.179.253.239
37.120.147.153 - - [14/Apr/2025:17:49:19 -0300] "GET /assets/logo.png HTTP/2.0" 200 34614 "https://anomfeedback.online/" "Mozilla/5.0 (Macintosh; Intel Mac OS X 10_15_7) AppleWebKit/537.36 (KHTML, like Gecko) Chrome/126.0.0.0 Safari/537.36" anomfeedback.online 108.179.253.239
37.120.147.153 - - [14/Apr/2025:17:49:19 -0300] "GET /script/index.js HTTP/2.0" 200 142 "https://anomfeedback.online/" "Mozilla/5.0 (Macintosh; Intel Mac OS X 10_15_7) AppleWebKit/537.36 (KHTML, like Gecko) Chrome/126.0.0.0 Safari/537.36" anomfeedback.online 108.179.253.239
37.120.147.153 - - [14/Apr/2025:17:49:21 -0300] "GET /assets/favicon.png HTTP/2.0" 200 35006 "https://anomfeedback.online/" "Mozilla/5.0 (Macintosh; Intel Mac OS X 10_15_7) AppleWebKit/537.36 (KHTML, like Gecko) Chrome/126.0.0.0 Safari/537.36" anomfeedback.online 108.179.253.239
2a06:98c0:3600::103 - - [14/Apr/2025:17:49:55 -0300] "GET /wp-admin/setup-config.php HTTP/2.0" 404 836 "-" "Mozilla/5.0 (Windows NT 10.0; Win64; x64) AppleWebKit/537.36 (KHTML, like Gecko) Chrome/135.0.0.0 Safari/537.36" anomfeedback.online 108.179.253.239
